---
http_interactions:
- request:
    method: get
    uri: https://api.instagram.com/oembed/?format=json&url=https://www.instagram.com/p/B9bOM-6Ax_d/?igshid=1mn51zsvrhoiq
    body:
      encoding: US-ASCII
      string: ''
    headers:
      Accept-Encoding:
      - gzip;q=1.0,deflate;q=0.6,identity;q=0.3
      Accept:
      - "*/*"
      User-Agent:
      - Mozilla/5.0 (compatible; ruby-oembed/0.13.1)
  response:
    status:
      code: 200
      message: OK
    headers:
      Content-Type:
      - text/html; charset=utf-8
      Vary:
      - Accept-Language, Cookie
      Content-Language:
      - en
      Date:
      - Mon, 16 Nov 2020 05:57:24 GMT
      Strict-Transport-Security:
      - max-age=31536000
      Cache-Control:
      - private, no-cache, no-store, must-revalidate
      Pragma:
      - no-cache
      Expires:
      - Sat, 01 Jan 2000 00:00:00 GMT
      X-Frame-Options:
      - SAMEORIGIN
      Content-Security-Policy:
      - 'report-uri https://www.instagram.com/security/csp_report/; default-src ''self''
        https://www.instagram.com; img-src data: blob: https://*.fbcdn.net https://*.instagram.com
        https://*.cdninstagram.com https://*.facebook.com https://*.giphy.com; font-src
        data: https://*.fbcdn.net https://*.instagram.com https://*.cdninstagram.com;
        media-src ''self'' blob: https://www.instagram.com https://*.cdninstagram.com
        https://*.fbcdn.net; manifest-src ''self'' https://www.instagram.com; script-src
        ''self'' https://instagram.com https://www.instagram.com https://*.www.instagram.com
        https://*.cdninstagram.com wss://www.instagram.com https://*.facebook.com
        https://*.fbcdn.net https://*.facebook.net ''unsafe-inline'' ''unsafe-eval''
        blob:; style-src ''self'' https://*.www.instagram.com https://www.instagram.com
        ''unsafe-inline''; connect-src ''self'' https://instagram.com https://www.instagram.com
        https://*.www.instagram.com https://graph.instagram.com https://*.graph.instagram.com
        https://*.cdninstagram.com https://api.instagram.com https://i.instagram.com
        wss://www.instagram.com wss://edge-chat.instagram.com https://*.facebook.com
        https://*.fbcdn.net https://*.facebook.net chrome-extension://boadgeojelhgndaghljhdicfkmllpafd
        blob:; worker-src ''self'' blob: https://www.instagram.com; frame-src ''self''
        https://instagram.com https://www.instagram.com https://staticxx.facebook.com
        https://www.facebook.com https://web.facebook.com https://connect.facebook.net
        https://m.facebook.com; object-src ''none''; upgrade-insecure-requests'
      X-Content-Type-Options:
      - nosniff
      X-Xss-Protection:
      - '0'
      X-Aed:
      - '30'
      Access-Control-Expose-Headers:
      - X-IG-Set-WWW-Claim
      Set-Cookie:
      - csrftoken=tQDwcURPuHvlgMvV2PI8gMWlej4r9pg3; Domain=.instagram.com; expires=Mon,
        15-Nov-2021 05:57:24 GMT; Max-Age=31449600; Path=/; Secure
      - ig_did=33AF9DF5-6D7B-48C5-8340-754E12704553; Domain=.instagram.com; expires=Wed,
        16-Nov-2022 05:57:24 GMT; HttpOnly; Max-Age=63072000; Path=/; Secure
      - ig_nrcb=1; Domain=.instagram.com; expires=Tue, 16-Nov-2021 05:57:24 GMT; Max-Age=31536000;
        Path=/; Secure
      - mid=X7IUxAAEAAG6MeZaJ2XAHDHJKZc6; Domain=.instagram.com; expires=Wed, 16-Nov-2022
        05:57:24 GMT; Max-Age=63072000; Path=/; Secure
      X-Fb-Trip-Id:
      - '2050670934'
      Alt-Svc:
      - h3-29=":443"; ma=3600,h3-27=":443"; ma=3600
      Connection:
      - keep-alive
      Content-Length:
      - '134'
    body:
      encoding: UTF-8
      string: '{"provider_url":"https:\/\/www.youtube.com\/","thumbnail_url":"https:\/\/i.ytimg.com\/vi\/pO5L6vXtxsI\/hqdefault.jpg","version":"1.0","thumbnail_height":360,"author_url":"https:\/\/www.youtube.com\/user\/CKEditor","title":"CKEditor
        4.5 - Embedding Media Resources with oEmbed","width":480,"provider_name":"YouTube","height":270,"author_name":"CKEditor
        Ecosystem","html":"\u003ciframe width=\"480\" height=\"270\" src=\"https:\/\/www.youtube.com\/embed\/pO5L6vXtxsI?feature=oembed\"
        frameborder=\"0\" allow=\"accelerometer; autoplay; clipboard-write; encrypted-media;
        gyroscope; picture-in-picture\" allowfullscreen\u003e\u003c\/iframe\u003e","type":"video","thumbnail_width":480}'
  recorded_at: Mon, 16 Nov 2020 05:57:24 GMT
- request:
    method: get
    uri: https://api.instagram.com/oembed/?format=json&url=https://www.instagram.com/tv/CCX-gcHArcJ/?igshid=1i0rst4jaz0j
    body:
      encoding: US-ASCII
      string: ''
    headers:
      Accept-Encoding:
      - gzip;q=1.0,deflate;q=0.6,identity;q=0.3
      Accept:
      - "*/*"
      User-Agent:
      - Mozilla/5.0 (compatible; ruby-oembed/0.13.1)
  response:
    status:
      code: 200
      message: OK
    headers:
      Content-Type:
      - text/html; charset=utf-8
      Vary:
      - Accept-Language, Cookie
      Content-Language:
      - en
      Date:
      - Mon, 16 Nov 2020 05:57:24 GMT
      Strict-Transport-Security:
      - max-age=31536000
      Cache-Control:
      - private, no-cache, no-store, must-revalidate
      Pragma:
      - no-cache
      Expires:
      - Sat, 01 Jan 2000 00:00:00 GMT
      X-Frame-Options:
      - SAMEORIGIN
      Content-Security-Policy:
      - 'report-uri https://www.instagram.com/security/csp_report/; default-src ''self''
        https://www.instagram.com; img-src data: blob: https://*.fbcdn.net https://*.instagram.com
        https://*.cdninstagram.com https://*.facebook.com https://*.giphy.com; font-src
        data: https://*.fbcdn.net https://*.instagram.com https://*.cdninstagram.com;
        media-src ''self'' blob: https://www.instagram.com https://*.cdninstagram.com
        https://*.fbcdn.net; manifest-src ''self'' https://www.instagram.com; script-src
        ''self'' https://instagram.com https://www.instagram.com https://*.www.instagram.com
        https://*.cdninstagram.com wss://www.instagram.com https://*.facebook.com
        https://*.fbcdn.net https://*.facebook.net ''unsafe-inline'' ''unsafe-eval''
        blob:; style-src ''self'' https://*.www.instagram.com https://www.instagram.com
        ''unsafe-inline''; connect-src ''self'' https://instagram.com https://www.instagram.com
        https://*.www.instagram.com https://graph.instagram.com https://*.graph.instagram.com
        https://*.cdninstagram.com https://api.instagram.com https://i.instagram.com
        wss://www.instagram.com wss://edge-chat.instagram.com https://*.facebook.com
        https://*.fbcdn.net https://*.facebook.net chrome-extension://boadgeojelhgndaghljhdicfkmllpafd
        blob:; worker-src ''self'' blob: https://www.instagram.com; frame-src ''self''
        https://instagram.com https://www.instagram.com https://staticxx.facebook.com
        https://www.facebook.com https://web.facebook.com https://connect.facebook.net
        https://m.facebook.com; object-src ''none''; upgrade-insecure-requests'
      X-Content-Type-Options:
      - nosniff
      X-Xss-Protection:
      - '0'
      X-Aed:
      - '30'
      Access-Control-Expose-Headers:
      - X-IG-Set-WWW-Claim
      Set-Cookie:
      - csrftoken=mHC8NYh98BnoZN6Y4dvPTfqvnDpWEZnA; Domain=.instagram.com; expires=Mon,
        15-Nov-2021 05:57:24 GMT; Max-Age=31449600; Path=/; Secure
      - ig_did=EA764741-889D-4670-B958-6D46E2F677A0; Domain=.instagram.com; expires=Wed,
        16-Nov-2022 05:57:24 GMT; HttpOnly; Max-Age=63072000; Path=/; Secure
      - ig_nrcb=1; Domain=.instagram.com; expires=Tue, 16-Nov-2021 05:57:24 GMT; Max-Age=31536000;
        Path=/; Secure
      - mid=X7IUxAAEAAHmBvDmWK_1JEkTR9cq; Domain=.instagram.com; expires=Wed, 16-Nov-2022
        05:57:24 GMT; Max-Age=63072000; Path=/; Secure
      X-Fb-Trip-Id:
      - '1781455057'
      Alt-Svc:
      - h3-29=":443"; ma=3600,h3-27=":443"; ma=3600
      Connection:
      - keep-alive
      Content-Length:
      - '134'
    body:
      encoding: UTF-8
      string: '{"provider_url":"https:\/\/www.youtube.com\/","thumbnail_url":"https:\/\/i.ytimg.com\/vi\/pO5L6vXtxsI\/hqdefault.jpg","version":"1.0","thumbnail_height":360,"author_url":"https:\/\/www.youtube.com\/user\/CKEditor","title":"CKEditor
        4.5 - Embedding Media Resources with oEmbed","width":480,"provider_name":"YouTube","height":270,"author_name":"CKEditor
        Ecosystem","html":"\u003ciframe width=\"480\" height=\"270\" src=\"https:\/\/www.youtube.com\/embed\/pO5L6vXtxsI?feature=oembed\"
        frameborder=\"0\" allow=\"accelerometer; autoplay; clipboard-write; encrypted-media;
        gyroscope; picture-in-picture\" allowfullscreen\u003e\u003c\/iframe\u003e","type":"video","thumbnail_width":480}'
  recorded_at: Mon, 16 Nov 2020 05:57:24 GMT
- request:
    method: get
    uri: https://api.instagram.com/oembed/?format=json&url=https://www.instagram.com/p/B9bOM-6Ax_d/?igshid=1mn51zsvrhoiq
    body:
      encoding: US-ASCII
      string: ''
    headers:
      Accept-Encoding:
      - gzip;q=1.0,deflate;q=0.6,identity;q=0.3
      Accept:
      - "*/*"
      User-Agent:
      - Mozilla/5.0 (compatible; ruby-oembed/0.13.1)
  response:
    status:
      code: 200
      message: OK
    headers:
      Content-Type:
      - text/html; charset=utf-8
      Vary:
      - Accept-Language, Cookie
      Content-Language:
      - en
      Date:
      - Mon, 16 Nov 2020 05:57:25 GMT
      Strict-Transport-Security:
      - max-age=31536000
      Cache-Control:
      - private, no-cache, no-store, must-revalidate
      Pragma:
      - no-cache
      Expires:
      - Sat, 01 Jan 2000 00:00:00 GMT
      X-Frame-Options:
      - SAMEORIGIN
      Content-Security-Policy:
      - 'report-uri https://www.instagram.com/security/csp_report/; default-src ''self''
        https://www.instagram.com; img-src data: blob: https://*.fbcdn.net https://*.instagram.com
        https://*.cdninstagram.com https://*.facebook.com https://*.giphy.com; font-src
        data: https://*.fbcdn.net https://*.instagram.com https://*.cdninstagram.com;
        media-src ''self'' blob: https://www.instagram.com https://*.cdninstagram.com
        https://*.fbcdn.net; manifest-src ''self'' https://www.instagram.com; script-src
        ''self'' https://instagram.com https://www.instagram.com https://*.www.instagram.com
        https://*.cdninstagram.com wss://www.instagram.com https://*.facebook.com
        https://*.fbcdn.net https://*.facebook.net ''unsafe-inline'' ''unsafe-eval''
        blob:; style-src ''self'' https://*.www.instagram.com https://www.instagram.com
        ''unsafe-inline''; connect-src ''self'' https://instagram.com https://www.instagram.com
        https://*.www.instagram.com https://graph.instagram.com https://*.graph.instagram.com
        https://*.cdninstagram.com https://api.instagram.com https://i.instagram.com
        wss://www.instagram.com wss://edge-chat.instagram.com https://*.facebook.com
        https://*.fbcdn.net https://*.facebook.net chrome-extension://boadgeojelhgndaghljhdicfkmllpafd
        blob:; worker-src ''self'' blob: https://www.instagram.com; frame-src ''self''
        https://instagram.com https://www.instagram.com https://staticxx.facebook.com
        https://www.facebook.com https://web.facebook.com https://connect.facebook.net
        https://m.facebook.com; object-src ''none''; upgrade-insecure-requests'
      X-Content-Type-Options:
      - nosniff
      X-Xss-Protection:
      - '0'
      X-Aed:
      - '30'
      Access-Control-Expose-Headers:
      - X-IG-Set-WWW-Claim
      Set-Cookie:
      - csrftoken=vMGMl4q07RaOBzhLXexP1Ghx8ZlsEugD; Domain=.instagram.com; expires=Mon,
        15-Nov-2021 05:57:25 GMT; Max-Age=31449600; Path=/; Secure
      - ig_did=538F856C-D401-4202-9612-DC49BB6E9543; Domain=.instagram.com; expires=Wed,
        16-Nov-2022 05:57:25 GMT; HttpOnly; Max-Age=63072000; Path=/; Secure
      - ig_nrcb=1; Domain=.instagram.com; expires=Tue, 16-Nov-2021 05:57:25 GMT; Max-Age=31536000;
        Path=/; Secure
      - mid=X7IUxQAEAAHeUPesG99sfSA-B4MZ; Domain=.instagram.com; expires=Wed, 16-Nov-2022
        05:57:25 GMT; Max-Age=63072000; Path=/; Secure
      X-Fb-Trip-Id:
      - '1781455057'
      Alt-Svc:
      - h3-29=":443"; ma=3600,h3-27=":443"; ma=3600
      Connection:
      - keep-alive
      Content-Length:
      - '134'
    body:
      encoding: UTF-8
      string: '{"provider_url":"https:\/\/www.youtube.com\/","thumbnail_url":"https:\/\/i.ytimg.com\/vi\/pO5L6vXtxsI\/hqdefault.jpg","version":"1.0","thumbnail_height":360,"author_url":"https:\/\/www.youtube.com\/user\/CKEditor","title":"CKEditor
        4.5 - Embedding Media Resources with oEmbed","width":480,"provider_name":"YouTube","height":270,"author_name":"CKEditor
        Ecosystem","html":"\u003ciframe width=\"480\" height=\"270\" src=\"https:\/\/www.youtube.com\/embed\/pO5L6vXtxsI?feature=oembed\"
        frameborder=\"0\" allow=\"accelerometer; autoplay; clipboard-write; encrypted-media;
        gyroscope; picture-in-picture\" allowfullscreen\u003e\u003c\/iframe\u003e","type":"video","thumbnail_width":480}'
  recorded_at: Mon, 16 Nov 2020 05:57:25 GMT
- request:
    method: get
    uri: https://api.instagram.com/oembed/?format=json&url=https://www.instagram.com/tv/CCX-gcHArcJ/?igshid=1i0rst4jaz0j
    body:
      encoding: US-ASCII
      string: ''
    headers:
      Accept-Encoding:
      - gzip;q=1.0,deflate;q=0.6,identity;q=0.3
      Accept:
      - "*/*"
      User-Agent:
      - Mozilla/5.0 (compatible; ruby-oembed/0.13.1)
  response:
    status:
      code: 200
      message: OK
    headers:
      Content-Type:
      - text/html; charset=utf-8
      Vary:
      - Accept-Language, Cookie
      Content-Language:
      - en
      Date:
      - Mon, 16 Nov 2020 05:57:25 GMT
      Strict-Transport-Security:
      - max-age=31536000
      Cache-Control:
      - private, no-cache, no-store, must-revalidate
      Pragma:
      - no-cache
      Expires:
      - Sat, 01 Jan 2000 00:00:00 GMT
      X-Frame-Options:
      - SAMEORIGIN
      Content-Security-Policy:
      - 'report-uri https://www.instagram.com/security/csp_report/; default-src ''self''
        https://www.instagram.com; img-src data: blob: https://*.fbcdn.net https://*.instagram.com
        https://*.cdninstagram.com https://*.facebook.com https://*.giphy.com; font-src
        data: https://*.fbcdn.net https://*.instagram.com https://*.cdninstagram.com;
        media-src ''self'' blob: https://www.instagram.com https://*.cdninstagram.com
        https://*.fbcdn.net; manifest-src ''self'' https://www.instagram.com; script-src
        ''self'' https://instagram.com https://www.instagram.com https://*.www.instagram.com
        https://*.cdninstagram.com wss://www.instagram.com https://*.facebook.com
        https://*.fbcdn.net https://*.facebook.net ''unsafe-inline'' ''unsafe-eval''
        blob:; style-src ''self'' https://*.www.instagram.com https://www.instagram.com
        ''unsafe-inline''; connect-src ''self'' https://instagram.com https://www.instagram.com
        https://*.www.instagram.com https://graph.instagram.com https://*.graph.instagram.com
        https://*.cdninstagram.com https://api.instagram.com https://i.instagram.com
        wss://www.instagram.com wss://edge-chat.instagram.com https://*.facebook.com
        https://*.fbcdn.net https://*.facebook.net chrome-extension://boadgeojelhgndaghljhdicfkmllpafd
        blob:; worker-src ''self'' blob: https://www.instagram.com; frame-src ''self''
        https://instagram.com https://www.instagram.com https://staticxx.facebook.com
        https://www.facebook.com https://web.facebook.com https://connect.facebook.net
        https://m.facebook.com; object-src ''none''; upgrade-insecure-requests'
      X-Content-Type-Options:
      - nosniff
      X-Xss-Protection:
      - '0'
      X-Aed:
      - '30'
      Access-Control-Expose-Headers:
      - X-IG-Set-WWW-Claim
      Set-Cookie:
      - csrftoken=8X51eYgyoZdzibW2AxJ4PaoL2iXRv0lD; Domain=.instagram.com; expires=Mon,
        15-Nov-2021 05:57:25 GMT; Max-Age=31449600; Path=/; Secure
      - ig_did=DB293F5C-3AB7-4C6F-A333-2D42180A7AF7; Domain=.instagram.com; expires=Wed,
        16-Nov-2022 05:57:25 GMT; HttpOnly; Max-Age=63072000; Path=/; Secure
      - ig_nrcb=1; Domain=.instagram.com; expires=Tue, 16-Nov-2021 05:57:25 GMT; Max-Age=31536000;
        Path=/; Secure
      - mid=X7IUxQAEAAFZEYFxgPeapbbYUIM7; Domain=.instagram.com; expires=Wed, 16-Nov-2022
        05:57:25 GMT; Max-Age=63072000; Path=/; Secure
      X-Fb-Trip-Id:
      - '1781455057'
      Alt-Svc:
      - h3-29=":443"; ma=3600,h3-27=":443"; ma=3600
      Connection:
      - keep-alive
      Content-Length:
      - '134'
    body:
      encoding: UTF-8
      string: '{"provider_url":"https:\/\/www.youtube.com\/","thumbnail_url":"https:\/\/i.ytimg.com\/vi\/pO5L6vXtxsI\/hqdefault.jpg","version":"1.0","thumbnail_height":360,"author_url":"https:\/\/www.youtube.com\/user\/CKEditor","title":"CKEditor
        4.5 - Embedding Media Resources with oEmbed","width":480,"provider_name":"YouTube","height":270,"author_name":"CKEditor
        Ecosystem","html":"\u003ciframe width=\"480\" height=\"270\" src=\"https:\/\/www.youtube.com\/embed\/pO5L6vXtxsI?feature=oembed\"
        frameborder=\"0\" allow=\"accelerometer; autoplay; clipboard-write; encrypted-media;
        gyroscope; picture-in-picture\" allowfullscreen\u003e\u003c\/iframe\u003e","type":"video","thumbnail_width":480}'
  recorded_at: Mon, 16 Nov 2020 05:57:25 GMT
- request:
    method: get
    uri: https://graph.facebook.com/v8.0/instagram_oembed?access_token=A_FAKE_TOKEN_FOR_TESTS&format=json&url=https://www.instagram.com/p/B9bOM-6Ax_d/?igshid=1mn51zsvrhoiq
    body:
      encoding: US-ASCII
      string: ''
    headers:
      Accept-Encoding:
      - gzip;q=1.0,deflate;q=0.6,identity;q=0.3
      Accept:
      - "*/*"
      User-Agent:
      - Mozilla/5.0 (compatible; ruby-oembed/0.14.0)
  response:
    status:
      code: 200
      message: OK
    headers:
      Etag:
      - '"7355330b4f6f32e76f78cf69bef04ac55934495c"'
      Expires:
      - Sat, 01 Jan 2000 00:00:00 GMT
      Content-Type:
      - application/json; charset=UTF-8
      Facebook-Api-Version:
      - v9.0
      X-Fb-Request-Id:
      - AK2EVP29SrH54i1mMn8dWs9
      Strict-Transport-Security:
      - max-age=15552000; preload
      X-Fb-Trace-Id:
      - Hoe3MLwMFYd
      X-App-Usage:
      - '{"call_count":0,"total_cputime":0,"total_time":0}'
      X-Fb-Rev:
      - '1003024166'
      Cache-Control:
      - private, no-cache, no-store, must-revalidate
      Vary:
      - Accept-Encoding
      Pragma:
      - no-cache
      Access-Control-Allow-Origin:
      - "*"
      X-Fb-Debug:
      - nGr7YVpOpJmAIPMK/4MywcNKke2kHJIWvjSrDN2GLwtH70jSt6NWE6pA7QDXgZcn05l8n6jdEJbXRpFjVHKfwg==
      Date:
      - Sat, 28 Nov 2020 21:49:27 GMT
      Alt-Svc:
      - h3-29=":443"; ma=3600,h3-27=":443"; ma=3600
      Connection:
      - keep-alive
      Content-Length:
      - '2682'
    body:
      encoding: ASCII-8BIT
      string: '{"version":"1.0","author_name":"ruby_eloquent","provider_name":"Instagram","provider_url":"https:\/\/www.instagram.com\/","type":"rich","width":658,"html":"\u003Cblockquote
        class=\"instagram-media\" data-instgrm-captioned data-instgrm-permalink=\"https:\/\/www.instagram.com\/p\/B9bOM-6Ax_d\/?utm_source=ig_embed&amp;utm_campaign=loading\"
        data-instgrm-version=\"13\" style=\" background:#FFF; border:0; border-radius:3px;
        box-shadow:0 0 1px 0 rgba(0,0,0,0.5),0 1px 10px 0 rgba(0,0,0,0.15); margin:
        1px; max-width:658px; min-width:326px; padding:0; width:99.375\u0025; width:-webkit-calc(100\u0025
        - 2px); width:calc(100\u0025 - 2px);\">\u003Cdiv style=\"padding:16px;\">
        \u003Ca href=\"https:\/\/www.instagram.com\/p\/B9bOM-6Ax_d\/?utm_source=ig_embed&amp;utm_campaign=loading\"
        style=\" background:#FFFFFF; line-height:0; padding:0 0; text-align:center;
        text-decoration:none; width:100\u0025;\" target=\"_blank\"> \u003Cdiv style=\"
        display: flex; flex-direction: row; align-items: center;\"> \u003Cdiv style=\"background-color:
        #F4F4F4; border-radius: 50\u0025; flex-grow: 0; height: 40px; margin-right:
        14px; width: 40px;\">\u003C\/div> \u003Cdiv style=\"display: flex; flex-direction:
        column; flex-grow: 1; justify-content: center;\"> \u003Cdiv style=\" background-color:
        #F4F4F4; border-radius: 4px; flex-grow: 0; height: 14px; margin-bottom: 6px;
        width: 100px;\">\u003C\/div> \u003Cdiv style=\" background-color: #F4F4F4;
        border-radius: 4px; flex-grow: 0; height: 14px; width: 60px;\">\u003C\/div>\u003C\/div>\u003C\/div>\u003Cdiv
        style=\"padding: 19\u0025 0;\">\u003C\/div> \u003Cdiv style=\"display:block;
        height:50px; margin:0 auto 12px; width:50px;\">\u003Csvg width=\"50px\" height=\"50px\"
        viewBox=\"0 0 60 60\" version=\"1.1\" xmlns=\"https:\/\/www.w3.org\/2000\/svg\"
        xmlns:xlink=\"https:\/\/www.w3.org\/1999\/xlink\">\u003Cg stroke=\"none\"
        stroke-width=\"1\" fill=\"none\" fill-rule=\"evenodd\">\u003Cg transform=\"translate(-511.000000,
        -20.000000)\" fill=\"#000000\">\u003Cg>\u003Cpath d=\"M556.869,30.41 C554.814,30.41
        553.148,32.076 553.148,34.131 C553.148,36.186 554.814,37.852 556.869,37.852
        C558.924,37.852 560.59,36.186 560.59,34.131 C560.59,32.076 558.924,30.41 556.869,30.41
        M541,60.657 C535.114,60.657 530.342,55.887 530.342,50 C530.342,44.114 535.114,39.342
        541,39.342 C546.887,39.342 551.658,44.114 551.658,50 C551.658,55.887 546.887,60.657
        541,60.657 M541,33.886 C532.1,33.886 524.886,41.1 524.886,50 C524.886,58.899
        532.1,66.113 541,66.113 C549.9,66.113 557.115,58.899 557.115,50 C557.115,41.1
        549.9,33.886 541,33.886 M565.378,62.101 C565.244,65.022 564.756,66.606 564.346,67.663
        C563.803,69.06 563.154,70.057 562.106,71.106 C561.058,72.155 560.06,72.803
        558.662,73.347 C557.607,73.757 556.021,74.244 553.102,74.378 C549.944,74.521
        548.997,74.552 541,74.552 C533.003,74.552 532.056,74.521 528.898,74.378 C525.979,74.244
        524.393,73.757 523.338,73.347 C521.94,72.803 520.942,72.155 519.894,71.106
        C518.846,70.057 518.197,69.06 517.654,67.663 C517.244,66.606 516.755,65.022
        516.623,62.101 C516.479,58.943 516.448,57.996 516.448,50 C516.448,42.003 516.479,41.056
        516.623,37.899 C516.755,34.978 517.244,33.391 517.654,32.338 C518.197,30.938
        518.846,29.942 519.894,28.894 C520.942,27.846 521.94,27.196 523.338,26.654
        C524.393,26.244 525.979,25.756 528.898,25.623 C532.057,25.479 533.004,25.448
        541,25.448 C548.997,25.448 549.943,25.479 553.102,25.623 C556.021,25.756 557.607,26.244
        558.662,26.654 C560.06,27.196 561.058,27.846 562.106,28.894 C563.154,29.942
        563.803,30.938 564.346,32.338 C564.756,33.391 565.244,34.978 565.378,37.899
        C565.522,41.056 565.552,42.003 565.552,50 C565.552,57.996 565.522,58.943 565.378,62.101
        M570.82,37.631 C570.674,34.438 570.167,32.258 569.425,30.349 C568.659,28.377
        567.633,26.702 565.965,25.035 C564.297,23.368 562.623,22.342 560.652,21.575
        C558.743,20.834 556.562,20.326 553.369,20.18 C550.169,20.033 549.148,20 541,20
        C532.853,20 531.831,20.033 528.631,20.18 C525.438,20.326 523.257,20.834 521.349,21.575
        C519.376,22.342 517.703,23.368 516.035,25.035 C514.368,26.702 513.342,28.377
        512.574,30.349 C511.834,32.258 511.326,34.438 511.181,37.631 C511.035,40.831
        511,41.851 511,50 C511,58.147 511.035,59.17 511.181,62.369 C511.326,65.562
        511.834,67.743 512.574,69.651 C513.342,71.625 514.368,73.296 516.035,74.965
        C517.703,76.634 519.376,77.658 521.349,78.425 C523.257,79.167 525.438,79.673
        528.631,79.82 C531.831,79.965 532.853,80.001 541,80.001 C549.148,80.001 550.169,79.965
        553.369,79.82 C556.562,79.673 558.743,79.167 560.652,78.425 C562.623,77.658
        564.297,76.634 565.965,74.965 C567.633,73.296 568.659,71.625 569.425,69.651
        C570.167,67.743 570.674,65.562 570.82,62.369 C570.966,59.17 571,58.147 571,50
        C571,41.851 570.966,40.831 570.82,37.631\">\u003C\/path>\u003C\/g>\u003C\/g>\u003C\/g>\u003C\/svg>\u003C\/div>\u003Cdiv
        style=\"padding-top: 8px;\"> \u003Cdiv style=\" color:#3897f0; font-family:Arial,sans-serif;
        font-size:14px; font-style:normal; font-weight:550; line-height:18px;\"> View
        this post on Instagram\u003C\/div>\u003C\/div>\u003Cdiv style=\"padding: 12.5\u0025
        0;\">\u003C\/div> \u003Cdiv style=\"display: flex; flex-direction: row; margin-bottom:
        14px; align-items: center;\">\u003Cdiv> \u003Cdiv style=\"background-color:
        #F4F4F4; border-radius: 50\u0025; height: 12.5px; width: 12.5px; transform:
        translateX(0px) translateY(7px);\">\u003C\/div> \u003Cdiv style=\"background-color:
        #F4F4F4; height: 12.5px; transform: rotate(-45deg) translateX(3px) translateY(1px);
        width: 12.5px; flex-grow: 0; margin-right: 14px; margin-left: 2px;\">\u003C\/div>
        \u003Cdiv style=\"background-color: #F4F4F4; border-radius: 50\u0025; height:
        12.5px; width: 12.5px; transform: translateX(9px) translateY(-18px);\">\u003C\/div>\u003C\/div>\u003Cdiv
        style=\"margin-left: 8px;\"> \u003Cdiv style=\" background-color: #F4F4F4;
        border-radius: 50\u0025; flex-grow: 0; height: 20px; width: 20px;\">\u003C\/div>
        \u003Cdiv style=\" width: 0; height: 0; border-top: 2px solid transparent;
        border-left: 6px solid #f4f4f4; border-bottom: 2px solid transparent; transform:
        translateX(16px) translateY(-4px) rotate(30deg)\">\u003C\/div>\u003C\/div>\u003Cdiv
        style=\"margin-left: auto;\"> \u003Cdiv style=\" width: 0px; border-top: 8px
        solid #F4F4F4; border-right: 8px solid transparent; transform: translateY(16px);\">\u003C\/div>
        \u003Cdiv style=\" background-color: #F4F4F4; flex-grow: 0; height: 12px;
        width: 16px; transform: translateY(-4px);\">\u003C\/div> \u003Cdiv style=\"
        width: 0; height: 0; border-top: 8px solid #F4F4F4; border-left: 8px solid
        transparent; transform: translateY(-4px) translateX(8px);\">\u003C\/div>\u003C\/div>\u003C\/div>
        \u003Cdiv style=\"display: flex; flex-direction: column; flex-grow: 1; justify-content:
        center; margin-bottom: 24px;\"> \u003Cdiv style=\" background-color: #F4F4F4;
        border-radius: 4px; flex-grow: 0; height: 14px; margin-bottom: 6px; width:
        224px;\">\u003C\/div> \u003Cdiv style=\" background-color: #F4F4F4; border-radius:
        4px; flex-grow: 0; height: 14px; width: 144px;\">\u003C\/div>\u003C\/div>\u003C\/a>\u003Cp
        style=\" color:#c9c8cd; font-family:Arial,sans-serif; font-size:14px; line-height:17px;
        margin-bottom:0; margin-top:8px; overflow:hidden; padding:8px 0 7px; text-align:center;
        text-overflow:ellipsis; white-space:nowrap;\">\u003Ca href=\"https:\/\/www.instagram.com\/p\/B9bOM-6Ax_d\/?utm_source=ig_embed&amp;utm_campaign=loading\"
        style=\" color:#c9c8cd; font-family:Arial,sans-serif; font-size:14px; font-style:normal;
        font-weight:normal; line-height:17px; text-decoration:none;\" target=\"_blank\">A
        post shared by Ruby on Rails (\u0040ruby_eloquent)\u003C\/a>\u003C\/p>\u003C\/div>\u003C\/blockquote>\n\u003Cscript
        async src=\"\/\/platform.instagram.com\/en_US\/embeds.js\">\u003C\/script>","thumbnail_url":"https:\/\/scontent.cdninstagram.com\/v\/t51.2885-15\/sh0.08\/e35\/s640x640\/88197155_239984727028042_9150454769439124705_n.jpg?_nc_ht=scontent.cdninstagram.com&_nc_cat=110&_nc_ohc=U1rhJYATFkAAX9VuflF&tp=1&oh=ad04e17b871228d3153b1da7ea434288&oe=5FED61D9","thumbnail_width":640,"thumbnail_height":640}'
  recorded_at: Sat, 28 Nov 2020 21:49:27 GMT
- request:
    method: get
    uri: https://graph.facebook.com/v8.0/instagram_oembed?access_token=A_FAKE_TOKEN_FOR_TESTS&format=json&url=https://www.instagram.com/tv/CCX-gcHArcJ/?igshid=1i0rst4jaz0j
    body:
      encoding: US-ASCII
      string: ''
    headers:
      Accept-Encoding:
      - gzip;q=1.0,deflate;q=0.6,identity;q=0.3
      Accept:
      - "*/*"
      User-Agent:
      - Mozilla/5.0 (compatible; ruby-oembed/0.14.0)
  response:
    status:
      code: 200
      message: OK
    headers:
      Etag:
      - '"d1ca921e1a49d26ffbf272e691a1aacd6e7b1373"'
      Expires:
      - Sat, 01 Jan 2000 00:00:00 GMT
      Content-Type:
      - application/json; charset=UTF-8
      Facebook-Api-Version:
      - v9.0
      X-Fb-Request-Id:
      - ARFHJ_D1Q2aUl64ztFIZfSL
      Strict-Transport-Security:
      - max-age=15552000; preload
      X-Fb-Trace-Id:
      - ANZ15pW0LOQ
      X-App-Usage:
      - '{"call_count":0,"total_cputime":0,"total_time":0}'
      X-Fb-Rev:
      - '1003024166'
      Cache-Control:
      - private, no-cache, no-store, must-revalidate
      Vary:
      - Accept-Encoding
      Pragma:
      - no-cache
      Access-Control-Allow-Origin:
      - "*"
      X-Fb-Debug:
      - C7wbPIXOycuqd02WPglZXV/9wauCMA9Lp6TXyN647sbbmgZzGfzEa0xt9Kh9J5W5/L5fi+uhI7xRzLWRje9p1Q==
      Date:
      - Sat, 28 Nov 2020 21:49:27 GMT
      Alt-Svc:
      - h3-29=":443"; ma=3600,h3-27=":443"; ma=3600
      Connection:
      - keep-alive
      Content-Length:
      - '2671'
    body:
      encoding: ASCII-8BIT
      string: '{"version":"1.0","author_name":"ruby_eloquent","provider_name":"Instagram","provider_url":"https:\/\/www.instagram.com\/","type":"rich","width":658,"html":"\u003Cblockquote
        class=\"instagram-media\" data-instgrm-captioned data-instgrm-permalink=\"https:\/\/www.instagram.com\/tv\/CCX-gcHArcJ\/?utm_source=ig_embed&amp;utm_campaign=loading\"
        data-instgrm-version=\"13\" style=\" background:#FFF; border:0; border-radius:3px;
        box-shadow:0 0 1px 0 rgba(0,0,0,0.5),0 1px 10px 0 rgba(0,0,0,0.15); margin:
        1px; max-width:658px; min-width:326px; padding:0; width:99.375\u0025; width:-webkit-calc(100\u0025
        - 2px); width:calc(100\u0025 - 2px);\">\u003Cdiv style=\"padding:16px;\">
        \u003Ca href=\"https:\/\/www.instagram.com\/tv\/CCX-gcHArcJ\/?utm_source=ig_embed&amp;utm_campaign=loading\"
        style=\" background:#FFFFFF; line-height:0; padding:0 0; text-align:center;
        text-decoration:none; width:100\u0025;\" target=\"_blank\"> \u003Cdiv style=\"
        display: flex; flex-direction: row; align-items: center;\"> \u003Cdiv style=\"background-color:
        #F4F4F4; border-radius: 50\u0025; flex-grow: 0; height: 40px; margin-right:
        14px; width: 40px;\">\u003C\/div> \u003Cdiv style=\"display: flex; flex-direction:
        column; flex-grow: 1; justify-content: center;\"> \u003Cdiv style=\" background-color:
        #F4F4F4; border-radius: 4px; flex-grow: 0; height: 14px; margin-bottom: 6px;
        width: 100px;\">\u003C\/div> \u003Cdiv style=\" background-color: #F4F4F4;
        border-radius: 4px; flex-grow: 0; height: 14px; width: 60px;\">\u003C\/div>\u003C\/div>\u003C\/div>\u003Cdiv
        style=\"padding: 19\u0025 0;\">\u003C\/div> \u003Cdiv style=\"display:block;
        height:50px; margin:0 auto 12px; width:50px;\">\u003Csvg width=\"50px\" height=\"50px\"
        viewBox=\"0 0 60 60\" version=\"1.1\" xmlns=\"https:\/\/www.w3.org\/2000\/svg\"
        xmlns:xlink=\"https:\/\/www.w3.org\/1999\/xlink\">\u003Cg stroke=\"none\"
        stroke-width=\"1\" fill=\"none\" fill-rule=\"evenodd\">\u003Cg transform=\"translate(-511.000000,
        -20.000000)\" fill=\"#000000\">\u003Cg>\u003Cpath d=\"M556.869,30.41 C554.814,30.41
        553.148,32.076 553.148,34.131 C553.148,36.186 554.814,37.852 556.869,37.852
        C558.924,37.852 560.59,36.186 560.59,34.131 C560.59,32.076 558.924,30.41 556.869,30.41
        M541,60.657 C535.114,60.657 530.342,55.887 530.342,50 C530.342,44.114 535.114,39.342
        541,39.342 C546.887,39.342 551.658,44.114 551.658,50 C551.658,55.887 546.887,60.657
        541,60.657 M541,33.886 C532.1,33.886 524.886,41.1 524.886,50 C524.886,58.899
        532.1,66.113 541,66.113 C549.9,66.113 557.115,58.899 557.115,50 C557.115,41.1
        549.9,33.886 541,33.886 M565.378,62.101 C565.244,65.022 564.756,66.606 564.346,67.663
        C563.803,69.06 563.154,70.057 562.106,71.106 C561.058,72.155 560.06,72.803
        558.662,73.347 C557.607,73.757 556.021,74.244 553.102,74.378 C549.944,74.521
        548.997,74.552 541,74.552 C533.003,74.552 532.056,74.521 528.898,74.378 C525.979,74.244
        524.393,73.757 523.338,73.347 C521.94,72.803 520.942,72.155 519.894,71.106
        C518.846,70.057 518.197,69.06 517.654,67.663 C517.244,66.606 516.755,65.022
        516.623,62.101 C516.479,58.943 516.448,57.996 516.448,50 C516.448,42.003 516.479,41.056
        516.623,37.899 C516.755,34.978 517.244,33.391 517.654,32.338 C518.197,30.938
        518.846,29.942 519.894,28.894 C520.942,27.846 521.94,27.196 523.338,26.654
        C524.393,26.244 525.979,25.756 528.898,25.623 C532.057,25.479 533.004,25.448
        541,25.448 C548.997,25.448 549.943,25.479 553.102,25.623 C556.021,25.756 557.607,26.244
        558.662,26.654 C560.06,27.196 561.058,27.846 562.106,28.894 C563.154,29.942
        563.803,30.938 564.346,32.338 C564.756,33.391 565.244,34.978 565.378,37.899
        C565.522,41.056 565.552,42.003 565.552,50 C565.552,57.996 565.522,58.943 565.378,62.101
        M570.82,37.631 C570.674,34.438 570.167,32.258 569.425,30.349 C568.659,28.377
        567.633,26.702 565.965,25.035 C564.297,23.368 562.623,22.342 560.652,21.575
        C558.743,20.834 556.562,20.326 553.369,20.18 C550.169,20.033 549.148,20 541,20
        C532.853,20 531.831,20.033 528.631,20.18 C525.438,20.326 523.257,20.834 521.349,21.575
        C519.376,22.342 517.703,23.368 516.035,25.035 C514.368,26.702 513.342,28.377
        512.574,30.349 C511.834,32.258 511.326,34.438 511.181,37.631 C511.035,40.831
        511,41.851 511,50 C511,58.147 511.035,59.17 511.181,62.369 C511.326,65.562
        511.834,67.743 512.574,69.651 C513.342,71.625 514.368,73.296 516.035,74.965
        C517.703,76.634 519.376,77.658 521.349,78.425 C523.257,79.167 525.438,79.673
        528.631,79.82 C531.831,79.965 532.853,80.001 541,80.001 C549.148,80.001 550.169,79.965
        553.369,79.82 C556.562,79.673 558.743,79.167 560.652,78.425 C562.623,77.658
        564.297,76.634 565.965,74.965 C567.633,73.296 568.659,71.625 569.425,69.651
        C570.167,67.743 570.674,65.562 570.82,62.369 C570.966,59.17 571,58.147 571,50
        C571,41.851 570.966,40.831 570.82,37.631\">\u003C\/path>\u003C\/g>\u003C\/g>\u003C\/g>\u003C\/svg>\u003C\/div>\u003Cdiv
        style=\"padding-top: 8px;\"> \u003Cdiv style=\" color:#3897f0; font-family:Arial,sans-serif;
        font-size:14px; font-style:normal; font-weight:550; line-height:18px;\"> View
        this post on Instagram\u003C\/div>\u003C\/div>\u003Cdiv style=\"padding: 12.5\u0025
        0;\">\u003C\/div> \u003Cdiv style=\"display: flex; flex-direction: row; margin-bottom:
        14px; align-items: center;\">\u003Cdiv> \u003Cdiv style=\"background-color:
        #F4F4F4; border-radius: 50\u0025; height: 12.5px; width: 12.5px; transform:
        translateX(0px) translateY(7px);\">\u003C\/div> \u003Cdiv style=\"background-color:
        #F4F4F4; height: 12.5px; transform: rotate(-45deg) translateX(3px) translateY(1px);
        width: 12.5px; flex-grow: 0; margin-right: 14px; margin-left: 2px;\">\u003C\/div>
        \u003Cdiv style=\"background-color: #F4F4F4; border-radius: 50\u0025; height:
        12.5px; width: 12.5px; transform: translateX(9px) translateY(-18px);\">\u003C\/div>\u003C\/div>\u003Cdiv
        style=\"margin-left: 8px;\"> \u003Cdiv style=\" background-color: #F4F4F4;
        border-radius: 50\u0025; flex-grow: 0; height: 20px; width: 20px;\">\u003C\/div>
        \u003Cdiv style=\" width: 0; height: 0; border-top: 2px solid transparent;
        border-left: 6px solid #f4f4f4; border-bottom: 2px solid transparent; transform:
        translateX(16px) translateY(-4px) rotate(30deg)\">\u003C\/div>\u003C\/div>\u003Cdiv
        style=\"margin-left: auto;\"> \u003Cdiv style=\" width: 0px; border-top: 8px
        solid #F4F4F4; border-right: 8px solid transparent; transform: translateY(16px);\">\u003C\/div>
        \u003Cdiv style=\" background-color: #F4F4F4; flex-grow: 0; height: 12px;
        width: 16px; transform: translateY(-4px);\">\u003C\/div> \u003Cdiv style=\"
        width: 0; height: 0; border-top: 8px solid #F4F4F4; border-left: 8px solid
        transparent; transform: translateY(-4px) translateX(8px);\">\u003C\/div>\u003C\/div>\u003C\/div>
        \u003Cdiv style=\"display: flex; flex-direction: column; flex-grow: 1; justify-content:
        center; margin-bottom: 24px;\"> \u003Cdiv style=\" background-color: #F4F4F4;
        border-radius: 4px; flex-grow: 0; height: 14px; margin-bottom: 6px; width:
        224px;\">\u003C\/div> \u003Cdiv style=\" background-color: #F4F4F4; border-radius:
        4px; flex-grow: 0; height: 14px; width: 144px;\">\u003C\/div>\u003C\/div>\u003C\/a>\u003Cp
        style=\" color:#c9c8cd; font-family:Arial,sans-serif; font-size:14px; line-height:17px;
        margin-bottom:0; margin-top:8px; overflow:hidden; padding:8px 0 7px; text-align:center;
        text-overflow:ellipsis; white-space:nowrap;\">\u003Ca href=\"https:\/\/www.instagram.com\/tv\/CCX-gcHArcJ\/?utm_source=ig_embed&amp;utm_campaign=loading\"
        style=\" color:#c9c8cd; font-family:Arial,sans-serif; font-size:14px; font-style:normal;
        font-weight:normal; line-height:17px; text-decoration:none;\" target=\"_blank\">A
        post shared by Ruby on Rails (\u0040ruby_eloquent)\u003C\/a>\u003C\/p>\u003C\/div>\u003C\/blockquote>\n\u003Cscript
        async src=\"\/\/platform.instagram.com\/en_US\/embeds.js\">\u003C\/script>","thumbnail_url":"https:\/\/scontent.cdninstagram.com\/v\/t51.2885-15\/e35\/106552995_302216364249720_8388842132577095117_n.jpg?_nc_ht=scontent.cdninstagram.com&_nc_cat=100&_nc_ohc=B3bkuDniIMwAX9fy0Cm&tp=1&oh=add72e2781de3c7e1a111433bffe5003&oe=5FC5559E","thumbnail_width":480,"thumbnail_height":746}'
  recorded_at: Sat, 28 Nov 2020 21:49:27 GMT
- request:
    method: get
    uri: https://graph.facebook.com/v8.0/instagram_oembed?access_token=A_FAKE_TOKEN_FOR_TESTS&format=json&url=https://www.instagram.com/p/B9bOM-6Ax_d/?igshid=1mn51zsvrhoiq
    body:
      encoding: US-ASCII
      string: ''
    headers:
      Accept-Encoding:
      - gzip;q=1.0,deflate;q=0.6,identity;q=0.3
      Accept:
      - "*/*"
      User-Agent:
      - Mozilla/5.0 (compatible; ruby-oembed/0.14.0)
  response:
    status:
      code: 200
      message: OK
    headers:
      Etag:
      - '"d4c2cf35eb7d2e1141012faa162ee0bf0f60b64e"'
      Expires:
      - Sat, 01 Jan 2000 00:00:00 GMT
      Content-Type:
      - application/json; charset=UTF-8
      Facebook-Api-Version:
      - v9.0
      X-Fb-Request-Id:
      - AYrOGU79SAtpbecW_-zah0t
      Strict-Transport-Security:
      - max-age=15552000; preload
      X-Fb-Trace-Id:
      - A9UHYJ9VnJm
      X-App-Usage:
      - '{"call_count":0,"total_cputime":0,"total_time":0}'
      X-Fb-Rev:
      - '1003024166'
      Cache-Control:
      - private, no-cache, no-store, must-revalidate
      Vary:
      - Accept-Encoding
      Pragma:
      - no-cache
      Access-Control-Allow-Origin:
      - "*"
      X-Fb-Debug:
      - 1rYfnyXIDSfrysmHcF9fEpFYDkm6ZADB7g2jWf52JhvkCKtJOn56rKCmeAjELwNGNRUqgLVqYySeITtkJRsxpw==
      Date:
      - Sat, 28 Nov 2020 21:49:27 GMT
      Alt-Svc:
      - h3-29=":443"; ma=3600,h3-27=":443"; ma=3600
      Connection:
      - keep-alive
      Content-Length:
      - '2683'
    body:
      encoding: ASCII-8BIT
      string: '{"version":"1.0","author_name":"ruby_eloquent","provider_name":"Instagram","provider_url":"https:\/\/www.instagram.com\/","type":"rich","width":658,"html":"\u003Cblockquote
        class=\"instagram-media\" data-instgrm-captioned data-instgrm-permalink=\"https:\/\/www.instagram.com\/p\/B9bOM-6Ax_d\/?utm_source=ig_embed&amp;utm_campaign=loading\"
        data-instgrm-version=\"13\" style=\" background:#FFF; border:0; border-radius:3px;
        box-shadow:0 0 1px 0 rgba(0,0,0,0.5),0 1px 10px 0 rgba(0,0,0,0.15); margin:
        1px; max-width:658px; min-width:326px; padding:0; width:99.375\u0025; width:-webkit-calc(100\u0025
        - 2px); width:calc(100\u0025 - 2px);\">\u003Cdiv style=\"padding:16px;\">
        \u003Ca href=\"https:\/\/www.instagram.com\/p\/B9bOM-6Ax_d\/?utm_source=ig_embed&amp;utm_campaign=loading\"
        style=\" background:#FFFFFF; line-height:0; padding:0 0; text-align:center;
        text-decoration:none; width:100\u0025;\" target=\"_blank\"> \u003Cdiv style=\"
        display: flex; flex-direction: row; align-items: center;\"> \u003Cdiv style=\"background-color:
        #F4F4F4; border-radius: 50\u0025; flex-grow: 0; height: 40px; margin-right:
        14px; width: 40px;\">\u003C\/div> \u003Cdiv style=\"display: flex; flex-direction:
        column; flex-grow: 1; justify-content: center;\"> \u003Cdiv style=\" background-color:
        #F4F4F4; border-radius: 4px; flex-grow: 0; height: 14px; margin-bottom: 6px;
        width: 100px;\">\u003C\/div> \u003Cdiv style=\" background-color: #F4F4F4;
        border-radius: 4px; flex-grow: 0; height: 14px; width: 60px;\">\u003C\/div>\u003C\/div>\u003C\/div>\u003Cdiv
        style=\"padding: 19\u0025 0;\">\u003C\/div> \u003Cdiv style=\"display:block;
        height:50px; margin:0 auto 12px; width:50px;\">\u003Csvg width=\"50px\" height=\"50px\"
        viewBox=\"0 0 60 60\" version=\"1.1\" xmlns=\"https:\/\/www.w3.org\/2000\/svg\"
        xmlns:xlink=\"https:\/\/www.w3.org\/1999\/xlink\">\u003Cg stroke=\"none\"
        stroke-width=\"1\" fill=\"none\" fill-rule=\"evenodd\">\u003Cg transform=\"translate(-511.000000,
        -20.000000)\" fill=\"#000000\">\u003Cg>\u003Cpath d=\"M556.869,30.41 C554.814,30.41
        553.148,32.076 553.148,34.131 C553.148,36.186 554.814,37.852 556.869,37.852
        C558.924,37.852 560.59,36.186 560.59,34.131 C560.59,32.076 558.924,30.41 556.869,30.41
        M541,60.657 C535.114,60.657 530.342,55.887 530.342,50 C530.342,44.114 535.114,39.342
        541,39.342 C546.887,39.342 551.658,44.114 551.658,50 C551.658,55.887 546.887,60.657
        541,60.657 M541,33.886 C532.1,33.886 524.886,41.1 524.886,50 C524.886,58.899
        532.1,66.113 541,66.113 C549.9,66.113 557.115,58.899 557.115,50 C557.115,41.1
        549.9,33.886 541,33.886 M565.378,62.101 C565.244,65.022 564.756,66.606 564.346,67.663
        C563.803,69.06 563.154,70.057 562.106,71.106 C561.058,72.155 560.06,72.803
        558.662,73.347 C557.607,73.757 556.021,74.244 553.102,74.378 C549.944,74.521
        548.997,74.552 541,74.552 C533.003,74.552 532.056,74.521 528.898,74.378 C525.979,74.244
        524.393,73.757 523.338,73.347 C521.94,72.803 520.942,72.155 519.894,71.106
        C518.846,70.057 518.197,69.06 517.654,67.663 C517.244,66.606 516.755,65.022
        516.623,62.101 C516.479,58.943 516.448,57.996 516.448,50 C516.448,42.003 516.479,41.056
        516.623,37.899 C516.755,34.978 517.244,33.391 517.654,32.338 C518.197,30.938
        518.846,29.942 519.894,28.894 C520.942,27.846 521.94,27.196 523.338,26.654
        C524.393,26.244 525.979,25.756 528.898,25.623 C532.057,25.479 533.004,25.448
        541,25.448 C548.997,25.448 549.943,25.479 553.102,25.623 C556.021,25.756 557.607,26.244
        558.662,26.654 C560.06,27.196 561.058,27.846 562.106,28.894 C563.154,29.942
        563.803,30.938 564.346,32.338 C564.756,33.391 565.244,34.978 565.378,37.899
        C565.522,41.056 565.552,42.003 565.552,50 C565.552,57.996 565.522,58.943 565.378,62.101
        M570.82,37.631 C570.674,34.438 570.167,32.258 569.425,30.349 C568.659,28.377
        567.633,26.702 565.965,25.035 C564.297,23.368 562.623,22.342 560.652,21.575
        C558.743,20.834 556.562,20.326 553.369,20.18 C550.169,20.033 549.148,20 541,20
        C532.853,20 531.831,20.033 528.631,20.18 C525.438,20.326 523.257,20.834 521.349,21.575
        C519.376,22.342 517.703,23.368 516.035,25.035 C514.368,26.702 513.342,28.377
        512.574,30.349 C511.834,32.258 511.326,34.438 511.181,37.631 C511.035,40.831
        511,41.851 511,50 C511,58.147 511.035,59.17 511.181,62.369 C511.326,65.562
        511.834,67.743 512.574,69.651 C513.342,71.625 514.368,73.296 516.035,74.965
        C517.703,76.634 519.376,77.658 521.349,78.425 C523.257,79.167 525.438,79.673
        528.631,79.82 C531.831,79.965 532.853,80.001 541,80.001 C549.148,80.001 550.169,79.965
        553.369,79.82 C556.562,79.673 558.743,79.167 560.652,78.425 C562.623,77.658
        564.297,76.634 565.965,74.965 C567.633,73.296 568.659,71.625 569.425,69.651
        C570.167,67.743 570.674,65.562 570.82,62.369 C570.966,59.17 571,58.147 571,50
        C571,41.851 570.966,40.831 570.82,37.631\">\u003C\/path>\u003C\/g>\u003C\/g>\u003C\/g>\u003C\/svg>\u003C\/div>\u003Cdiv
        style=\"padding-top: 8px;\"> \u003Cdiv style=\" color:#3897f0; font-family:Arial,sans-serif;
        font-size:14px; font-style:normal; font-weight:550; line-height:18px;\"> View
        this post on Instagram\u003C\/div>\u003C\/div>\u003Cdiv style=\"padding: 12.5\u0025
        0;\">\u003C\/div> \u003Cdiv style=\"display: flex; flex-direction: row; margin-bottom:
        14px; align-items: center;\">\u003Cdiv> \u003Cdiv style=\"background-color:
        #F4F4F4; border-radius: 50\u0025; height: 12.5px; width: 12.5px; transform:
        translateX(0px) translateY(7px);\">\u003C\/div> \u003Cdiv style=\"background-color:
        #F4F4F4; height: 12.5px; transform: rotate(-45deg) translateX(3px) translateY(1px);
        width: 12.5px; flex-grow: 0; margin-right: 14px; margin-left: 2px;\">\u003C\/div>
        \u003Cdiv style=\"background-color: #F4F4F4; border-radius: 50\u0025; height:
        12.5px; width: 12.5px; transform: translateX(9px) translateY(-18px);\">\u003C\/div>\u003C\/div>\u003Cdiv
        style=\"margin-left: 8px;\"> \u003Cdiv style=\" background-color: #F4F4F4;
        border-radius: 50\u0025; flex-grow: 0; height: 20px; width: 20px;\">\u003C\/div>
        \u003Cdiv style=\" width: 0; height: 0; border-top: 2px solid transparent;
        border-left: 6px solid #f4f4f4; border-bottom: 2px solid transparent; transform:
        translateX(16px) translateY(-4px) rotate(30deg)\">\u003C\/div>\u003C\/div>\u003Cdiv
        style=\"margin-left: auto;\"> \u003Cdiv style=\" width: 0px; border-top: 8px
        solid #F4F4F4; border-right: 8px solid transparent; transform: translateY(16px);\">\u003C\/div>
        \u003Cdiv style=\" background-color: #F4F4F4; flex-grow: 0; height: 12px;
        width: 16px; transform: translateY(-4px);\">\u003C\/div> \u003Cdiv style=\"
        width: 0; height: 0; border-top: 8px solid #F4F4F4; border-left: 8px solid
        transparent; transform: translateY(-4px) translateX(8px);\">\u003C\/div>\u003C\/div>\u003C\/div>
        \u003Cdiv style=\"display: flex; flex-direction: column; flex-grow: 1; justify-content:
        center; margin-bottom: 24px;\"> \u003Cdiv style=\" background-color: #F4F4F4;
        border-radius: 4px; flex-grow: 0; height: 14px; margin-bottom: 6px; width:
        224px;\">\u003C\/div> \u003Cdiv style=\" background-color: #F4F4F4; border-radius:
        4px; flex-grow: 0; height: 14px; width: 144px;\">\u003C\/div>\u003C\/div>\u003C\/a>\u003Cp
        style=\" color:#c9c8cd; font-family:Arial,sans-serif; font-size:14px; line-height:17px;
        margin-bottom:0; margin-top:8px; overflow:hidden; padding:8px 0 7px; text-align:center;
        text-overflow:ellipsis; white-space:nowrap;\">\u003Ca href=\"https:\/\/www.instagram.com\/p\/B9bOM-6Ax_d\/?utm_source=ig_embed&amp;utm_campaign=loading\"
        style=\" color:#c9c8cd; font-family:Arial,sans-serif; font-size:14px; font-style:normal;
        font-weight:normal; line-height:17px; text-decoration:none;\" target=\"_blank\">A
        post shared by Ruby on Rails (\u0040ruby_eloquent)\u003C\/a>\u003C\/p>\u003C\/div>\u003C\/blockquote>\n\u003Cscript
        async src=\"\/\/platform.instagram.com\/en_US\/embeds.js\">\u003C\/script>","thumbnail_url":"https:\/\/scontent.cdninstagram.com\/v\/t51.2885-15\/sh0.08\/e35\/s640x640\/88197155_239984727028042_9150454769439124705_n.jpg?_nc_ht=scontent.cdninstagram.com&_nc_cat=110&_nc_ohc=U1rhJYATFkAAX8Q-R6R&tp=1&oh=56eba90395113b551c846f6f9eb40c0d&oe=5FED61D9","thumbnail_width":640,"thumbnail_height":640}'
  recorded_at: Sat, 28 Nov 2020 21:49:27 GMT
- request:
    method: get
    uri: https://graph.facebook.com/v8.0/instagram_oembed?access_token=A_FAKE_TOKEN_FOR_TESTS&format=json&url=https://www.instagram.com/tv/CCX-gcHArcJ/?igshid=1i0rst4jaz0j
    body:
      encoding: US-ASCII
      string: ''
    headers:
      Accept-Encoding:
      - gzip;q=1.0,deflate;q=0.6,identity;q=0.3
      Accept:
      - "*/*"
      User-Agent:
      - Mozilla/5.0 (compatible; ruby-oembed/0.14.0)
  response:
    status:
      code: 200
      message: OK
    headers:
      Etag:
      - '"ff2cbebb32a8bea2ce8903cfc1c92c1856f4d086"'
      Expires:
      - Sat, 01 Jan 2000 00:00:00 GMT
      Content-Type:
      - application/json; charset=UTF-8
      Facebook-Api-Version:
      - v9.0
      X-Fb-Request-Id:
      - AVnWt9jWCvVo-S6sUmtoAbz
      Strict-Transport-Security:
      - max-age=15552000; preload
      X-Fb-Trace-Id:
      - FLFxHG1dTRl
      X-App-Usage:
      - '{"call_count":0,"total_cputime":0,"total_time":0}'
      X-Fb-Rev:
      - '1003024166'
      Cache-Control:
      - private, no-cache, no-store, must-revalidate
      Vary:
      - Accept-Encoding
      Pragma:
      - no-cache
      Access-Control-Allow-Origin:
      - "*"
      X-Fb-Debug:
      - jOSkS3mVndoNRmWf7fs45Qi9pshMxrQ687Osz12dR8SIkQxw9JDiotCXXDpvNg1jHrWP37YHqLQat0LyfuS3hQ==
      Date:
      - Sat, 28 Nov 2020 21:49:27 GMT
      Alt-Svc:
      - h3-29=":443"; ma=3600,h3-27=":443"; ma=3600
      Connection:
      - keep-alive
      Content-Length:
      - '2672'
    body:
      encoding: ASCII-8BIT
      string: '{"version":"1.0","author_name":"ruby_eloquent","provider_name":"Instagram","provider_url":"https:\/\/www.instagram.com\/","type":"rich","width":658,"html":"\u003Cblockquote
        class=\"instagram-media\" data-instgrm-captioned data-instgrm-permalink=\"https:\/\/www.instagram.com\/tv\/CCX-gcHArcJ\/?utm_source=ig_embed&amp;utm_campaign=loading\"
        data-instgrm-version=\"13\" style=\" background:#FFF; border:0; border-radius:3px;
        box-shadow:0 0 1px 0 rgba(0,0,0,0.5),0 1px 10px 0 rgba(0,0,0,0.15); margin:
        1px; max-width:658px; min-width:326px; padding:0; width:99.375\u0025; width:-webkit-calc(100\u0025
        - 2px); width:calc(100\u0025 - 2px);\">\u003Cdiv style=\"padding:16px;\">
        \u003Ca href=\"https:\/\/www.instagram.com\/tv\/CCX-gcHArcJ\/?utm_source=ig_embed&amp;utm_campaign=loading\"
        style=\" background:#FFFFFF; line-height:0; padding:0 0; text-align:center;
        text-decoration:none; width:100\u0025;\" target=\"_blank\"> \u003Cdiv style=\"
        display: flex; flex-direction: row; align-items: center;\"> \u003Cdiv style=\"background-color:
        #F4F4F4; border-radius: 50\u0025; flex-grow: 0; height: 40px; margin-right:
        14px; width: 40px;\">\u003C\/div> \u003Cdiv style=\"display: flex; flex-direction:
        column; flex-grow: 1; justify-content: center;\"> \u003Cdiv style=\" background-color:
        #F4F4F4; border-radius: 4px; flex-grow: 0; height: 14px; margin-bottom: 6px;
        width: 100px;\">\u003C\/div> \u003Cdiv style=\" background-color: #F4F4F4;
        border-radius: 4px; flex-grow: 0; height: 14px; width: 60px;\">\u003C\/div>\u003C\/div>\u003C\/div>\u003Cdiv
        style=\"padding: 19\u0025 0;\">\u003C\/div> \u003Cdiv style=\"display:block;
        height:50px; margin:0 auto 12px; width:50px;\">\u003Csvg width=\"50px\" height=\"50px\"
        viewBox=\"0 0 60 60\" version=\"1.1\" xmlns=\"https:\/\/www.w3.org\/2000\/svg\"
        xmlns:xlink=\"https:\/\/www.w3.org\/1999\/xlink\">\u003Cg stroke=\"none\"
        stroke-width=\"1\" fill=\"none\" fill-rule=\"evenodd\">\u003Cg transform=\"translate(-511.000000,
        -20.000000)\" fill=\"#000000\">\u003Cg>\u003Cpath d=\"M556.869,30.41 C554.814,30.41
        553.148,32.076 553.148,34.131 C553.148,36.186 554.814,37.852 556.869,37.852
        C558.924,37.852 560.59,36.186 560.59,34.131 C560.59,32.076 558.924,30.41 556.869,30.41
        M541,60.657 C535.114,60.657 530.342,55.887 530.342,50 C530.342,44.114 535.114,39.342
        541,39.342 C546.887,39.342 551.658,44.114 551.658,50 C551.658,55.887 546.887,60.657
        541,60.657 M541,33.886 C532.1,33.886 524.886,41.1 524.886,50 C524.886,58.899
        532.1,66.113 541,66.113 C549.9,66.113 557.115,58.899 557.115,50 C557.115,41.1
        549.9,33.886 541,33.886 M565.378,62.101 C565.244,65.022 564.756,66.606 564.346,67.663
        C563.803,69.06 563.154,70.057 562.106,71.106 C561.058,72.155 560.06,72.803
        558.662,73.347 C557.607,73.757 556.021,74.244 553.102,74.378 C549.944,74.521
        548.997,74.552 541,74.552 C533.003,74.552 532.056,74.521 528.898,74.378 C525.979,74.244
        524.393,73.757 523.338,73.347 C521.94,72.803 520.942,72.155 519.894,71.106
        C518.846,70.057 518.197,69.06 517.654,67.663 C517.244,66.606 516.755,65.022
        516.623,62.101 C516.479,58.943 516.448,57.996 516.448,50 C516.448,42.003 516.479,41.056
        516.623,37.899 C516.755,34.978 517.244,33.391 517.654,32.338 C518.197,30.938
        518.846,29.942 519.894,28.894 C520.942,27.846 521.94,27.196 523.338,26.654
        C524.393,26.244 525.979,25.756 528.898,25.623 C532.057,25.479 533.004,25.448
        541,25.448 C548.997,25.448 549.943,25.479 553.102,25.623 C556.021,25.756 557.607,26.244
        558.662,26.654 C560.06,27.196 561.058,27.846 562.106,28.894 C563.154,29.942
        563.803,30.938 564.346,32.338 C564.756,33.391 565.244,34.978 565.378,37.899
        C565.522,41.056 565.552,42.003 565.552,50 C565.552,57.996 565.522,58.943 565.378,62.101
        M570.82,37.631 C570.674,34.438 570.167,32.258 569.425,30.349 C568.659,28.377
        567.633,26.702 565.965,25.035 C564.297,23.368 562.623,22.342 560.652,21.575
        C558.743,20.834 556.562,20.326 553.369,20.18 C550.169,20.033 549.148,20 541,20
        C532.853,20 531.831,20.033 528.631,20.18 C525.438,20.326 523.257,20.834 521.349,21.575
        C519.376,22.342 517.703,23.368 516.035,25.035 C514.368,26.702 513.342,28.377
        512.574,30.349 C511.834,32.258 511.326,34.438 511.181,37.631 C511.035,40.831
        511,41.851 511,50 C511,58.147 511.035,59.17 511.181,62.369 C511.326,65.562
        511.834,67.743 512.574,69.651 C513.342,71.625 514.368,73.296 516.035,74.965
        C517.703,76.634 519.376,77.658 521.349,78.425 C523.257,79.167 525.438,79.673
        528.631,79.82 C531.831,79.965 532.853,80.001 541,80.001 C549.148,80.001 550.169,79.965
        553.369,79.82 C556.562,79.673 558.743,79.167 560.652,78.425 C562.623,77.658
        564.297,76.634 565.965,74.965 C567.633,73.296 568.659,71.625 569.425,69.651
        C570.167,67.743 570.674,65.562 570.82,62.369 C570.966,59.17 571,58.147 571,50
        C571,41.851 570.966,40.831 570.82,37.631\">\u003C\/path>\u003C\/g>\u003C\/g>\u003C\/g>\u003C\/svg>\u003C\/div>\u003Cdiv
        style=\"padding-top: 8px;\"> \u003Cdiv style=\" color:#3897f0; font-family:Arial,sans-serif;
        font-size:14px; font-style:normal; font-weight:550; line-height:18px;\"> View
        this post on Instagram\u003C\/div>\u003C\/div>\u003Cdiv style=\"padding: 12.5\u0025
        0;\">\u003C\/div> \u003Cdiv style=\"display: flex; flex-direction: row; margin-bottom:
        14px; align-items: center;\">\u003Cdiv> \u003Cdiv style=\"background-color:
        #F4F4F4; border-radius: 50\u0025; height: 12.5px; width: 12.5px; transform:
        translateX(0px) translateY(7px);\">\u003C\/div> \u003Cdiv style=\"background-color:
        #F4F4F4; height: 12.5px; transform: rotate(-45deg) translateX(3px) translateY(1px);
        width: 12.5px; flex-grow: 0; margin-right: 14px; margin-left: 2px;\">\u003C\/div>
        \u003Cdiv style=\"background-color: #F4F4F4; border-radius: 50\u0025; height:
        12.5px; width: 12.5px; transform: translateX(9px) translateY(-18px);\">\u003C\/div>\u003C\/div>\u003Cdiv
        style=\"margin-left: 8px;\"> \u003Cdiv style=\" background-color: #F4F4F4;
        border-radius: 50\u0025; flex-grow: 0; height: 20px; width: 20px;\">\u003C\/div>
        \u003Cdiv style=\" width: 0; height: 0; border-top: 2px solid transparent;
        border-left: 6px solid #f4f4f4; border-bottom: 2px solid transparent; transform:
        translateX(16px) translateY(-4px) rotate(30deg)\">\u003C\/div>\u003C\/div>\u003Cdiv
        style=\"margin-left: auto;\"> \u003Cdiv style=\" width: 0px; border-top: 8px
        solid #F4F4F4; border-right: 8px solid transparent; transform: translateY(16px);\">\u003C\/div>
        \u003Cdiv style=\" background-color: #F4F4F4; flex-grow: 0; height: 12px;
        width: 16px; transform: translateY(-4px);\">\u003C\/div> \u003Cdiv style=\"
        width: 0; height: 0; border-top: 8px solid #F4F4F4; border-left: 8px solid
        transparent; transform: translateY(-4px) translateX(8px);\">\u003C\/div>\u003C\/div>\u003C\/div>
        \u003Cdiv style=\"display: flex; flex-direction: column; flex-grow: 1; justify-content:
        center; margin-bottom: 24px;\"> \u003Cdiv style=\" background-color: #F4F4F4;
        border-radius: 4px; flex-grow: 0; height: 14px; margin-bottom: 6px; width:
        224px;\">\u003C\/div> \u003Cdiv style=\" background-color: #F4F4F4; border-radius:
        4px; flex-grow: 0; height: 14px; width: 144px;\">\u003C\/div>\u003C\/div>\u003C\/a>\u003Cp
        style=\" color:#c9c8cd; font-family:Arial,sans-serif; font-size:14px; line-height:17px;
        margin-bottom:0; margin-top:8px; overflow:hidden; padding:8px 0 7px; text-align:center;
        text-overflow:ellipsis; white-space:nowrap;\">\u003Ca href=\"https:\/\/www.instagram.com\/tv\/CCX-gcHArcJ\/?utm_source=ig_embed&amp;utm_campaign=loading\"
        style=\" color:#c9c8cd; font-family:Arial,sans-serif; font-size:14px; font-style:normal;
        font-weight:normal; line-height:17px; text-decoration:none;\" target=\"_blank\">A
        post shared by Ruby on Rails (\u0040ruby_eloquent)\u003C\/a>\u003C\/p>\u003C\/div>\u003C\/blockquote>\n\u003Cscript
        async src=\"\/\/platform.instagram.com\/en_US\/embeds.js\">\u003C\/script>","thumbnail_url":"https:\/\/scontent.cdninstagram.com\/v\/t51.2885-15\/e35\/106552995_302216364249720_8388842132577095117_n.jpg?_nc_ht=scontent.cdninstagram.com&_nc_cat=100&_nc_ohc=B3bkuDniIMwAX_9KT0i&tp=1&oh=4ec65079b6dd68b922973daea9cba257&oe=5FC5559E","thumbnail_width":480,"thumbnail_height":746}'
  recorded_at: Sat, 28 Nov 2020 21:49:27 GMT
recorded_with: VCR 6.0.0
